******************************************************************************
                  MSP430 Linker PC v4.3.3                      
******************************************************************************
>> Linked Tue Jul 21 21:19:35 2015

OUTPUT FILE NAME:   <PCC.out>
ENTRY POINT SYMBOL: "_c_int00"  address: 0000c638


MEMORY CONFIGURATION

         name            origin    length      used     unused   attr    fill
----------------------  --------  ---------  --------  --------  ----  --------
  SFR                   00000000   00000010  00000000  00000010  RWIX
  PERIPHERALS_8BIT      00000010   000000f0  00000000  000000f0  RWIX
  PERIPHERALS_16BIT     00000100   00000100  00000000  00000100  RWIX
  RAM                   00000200   00000200  00000058  000001a8  RWIX
  INFOD                 00001000   00000040  00000000  00000040  RWIX
  INFOC                 00001040   00000040  00000000  00000040  RWIX
  INFOB                 00001080   00000040  00000000  00000040  RWIX
  INFOA                 000010c0   00000040  00000000  00000040  RWIX
  FLASH                 0000c000   00003fe0  00000940  000036a0  RWIX
  INT00                 0000ffe0   00000002  00000000  00000002  RWIX
  INT01                 0000ffe2   00000002  00000000  00000002  RWIX
  INT02                 0000ffe4   00000002  00000002  00000000  RWIX
  INT03                 0000ffe6   00000002  00000002  00000000  RWIX
  INT04                 0000ffe8   00000002  00000000  00000002  RWIX
  INT05                 0000ffea   00000002  00000002  00000000  RWIX
  INT06                 0000ffec   00000002  00000002  00000000  RWIX
  INT07                 0000ffee   00000002  00000002  00000000  RWIX
  INT08                 0000fff0   00000002  00000002  00000000  RWIX
  INT09                 0000fff2   00000002  00000002  00000000  RWIX
  INT10                 0000fff4   00000002  00000002  00000000  RWIX
  INT11                 0000fff6   00000002  00000002  00000000  RWIX
  INT12                 0000fff8   00000002  00000002  00000000  RWIX
  INT13                 0000fffa   00000002  00000002  00000000  RWIX
  INT14                 0000fffc   00000002  00000002  00000000  RWIX
  RESET                 0000fffe   00000002  00000002  00000000  RWIX


SECTION ALLOCATION MAP

 output                                  attributes/
section   page    origin      length       input sections
--------  ----  ----------  ----------   ----------------
.init_array 
*          0    0000c000    00000000     UNINITIALIZED

.data      0    00000200    00000008     UNINITIALIZED
                  00000200    00000006     pcc_cmd_control.obj (.data)
                  00000206    00000002     pcc_main.obj (.data)

.TI.persistent 
*          0    00000200    00000000     UNINITIALIZED

.stack     0    000003b0    00000050     UNINITIALIZED
                  000003b0    00000002     rts430_eabi.lib : boot.obj (.stack)
                  000003b2    0000004e     --HOLE--

.text      0    0000c000    00000804     
                  0000c000    00000116     rts430_eabi.lib : _printfi_min.obj (.text:_setfield)
                  0000c116    000000ca                     : _printfi_min.obj (.text:__TI_printfi_minimal)
                  0000c1e0    0000009c     pcc_cmd_control.obj (.text:processCommand)
                  0000c27c    0000005e     rts430_eabi.lib : copy_decompress_rle.obj (.text:__TI_decompress_rle_core)
                  0000c2da    0000005e                     : autoinit.obj (.text:_auto_init)
                  0000c338    00000056                     : _printfi_min.obj (.text:_ltostr)
                  0000c38e    0000004e                     : _printfi_min.obj (.text:_pproc_diouxp)
                  0000c3dc    0000004c                     : lsr16.obj (.text)
                  0000c428    00000048                     : _printfi_min.obj (.text:_pproc_str)
                  0000c470    00000042     pcc_uart_comm.obj (.text:Init_UART)
                  0000c4b2    0000003c     pcc_cmd_control.obj (.text:initCmdControl)
                  0000c4ee    00000038     rts430_eabi.lib : sprintf.obj (.text:sprintf)
                  0000c526    0000002e                     : _printfi_min.obj (.text:_getarg_diouxp)
                  0000c554    0000002e     pcc_main.obj (.text:main)
                  0000c582    00000028     pcc_uart_comm.obj (.text:printStr)
                  0000c5aa    00000028     pcc_cmd_control.obj (.text:sendServoCmd)
                  0000c5d2    00000026     pcc_cmd_control.obj (.text:printInvalidCmdCount)
                  0000c5f8    00000024     pcc_gpio.obj (.text:sendGPIO)
                  0000c61c    0000001c     rts430_eabi.lib : memccpy.obj (.text:memccpy)
                  0000c638    0000001a                     : boot.obj (.text:_c_int00_noexit)
                  0000c652    0000001a                     : sprintf.obj (.text:_outs)
                  0000c66c    00000018     pcc_cmd_control.obj (.text:Backward)
                  0000c684    00000018     pcc_cmd_control.obj (.text:Forward)
                  0000c69c    00000018     pcc_cmd_control.obj (.text:Left)
                  0000c6b4    00000018     pcc_cmd_control.obj (.text:Right)
                  0000c6cc    00000018     pcc_cmd_control.obj (.text:Stop)
                  0000c6e4    00000018     rts430_eabi.lib : _printfi_min.obj (.text:_div)
                  0000c6fc    00000016                     : div16u.obj (.text)
                  0000c712    00000014                     : memset.obj (.text:memset)
                  0000c726    00000014                     : mult16.obj (.text)
                  0000c73a    00000012     pcc_gpio.obj (.text:Init_GPIO)
                  0000c74c    00000012     rts430_eabi.lib : sprintf.obj (.text:_outc)
                  0000c75e    00000012                     : copy_decompress_none.obj (.text:decompress:none:__TI_decompress_none)
                  0000c770    00000012                     : memcpy.obj (.text:memcpy)
                  0000c782    00000012     pcc_uart_comm.obj (.text:printNewLine)
                  0000c794    00000010     rts430_eabi.lib : epilog.obj (.text)
                  0000c7a4    00000010     pcc_gpio.obj (.text:setLED)
                  0000c7b4    0000000e     rts430_eabi.lib : strlen.obj (.text:strlen)
                  0000c7c2    0000000c     pcc_uart_comm.obj (.text:INCHAR_UART)
                  0000c7ce    0000000c     pcc_uart_comm.obj (.text:OUTCHAR_UART)
                  0000c7da    0000000c     pcc_cmd_control.obj (.text:SendLastCommand)
                  0000c7e6    0000000a     pcc_uart_comm.obj (.text:println)
                  0000c7f0    00000006     rts430_eabi.lib : isr_trap.obj (.text:__TI_ISR_TRAP)
                  0000c7f6    00000006                     : copy_decompress_rle.obj (.text:decompress:rle24:__TI_decompress_rle24)
                  0000c7fc    00000004                     : pre_init.obj (.text:_system_pre_init)
                  0000c800    00000004                     : exit.obj (.text:abort)

.const     0    0000c804    00000128     
                  0000c804    000000e0     pcc_cmd_control.obj (.const:.string)
                  0000c8e4    00000032     pcc_main.obj (.const:.string)
                  0000c916    00000014     rts430_eabi.lib : _printfi_min.obj (.const:.string)
                  0000c92a    00000002     pcc_cmd_control.obj (.const)

.cinit     0    0000c92c    00000014     
                  0000c92c    0000000b     (.cinit..data.load) [load image, compression = rle]
                  0000c937    00000001     --HOLE-- [fill = 0]
                  0000c938    00000004     (__TI_handler_table)
                  0000c93c    00000004     (__TI_cinit_table)

PORT1      0    0000ffe4    00000002     
                  0000ffe4    00000002     rts430_eabi.lib : int02.obj (.int02)

PORT2      0    0000ffe6    00000002     
                  0000ffe6    00000002     rts430_eabi.lib : int03.obj (.int03)

ADC10      0    0000ffea    00000002     
                  0000ffea    00000002     rts430_eabi.lib : int05.obj (.int05)

USCIAB0TX 
*          0    0000ffec    00000002     
                  0000ffec    00000002     rts430_eabi.lib : int06.obj (.int06)

USCIAB0RX 
*          0    0000ffee    00000002     
                  0000ffee    00000002     rts430_eabi.lib : int07.obj (.int07)

TIMER0_A1 
*          0    0000fff0    00000002     
                  0000fff0    00000002     rts430_eabi.lib : int08.obj (.int08)

TIMER0_A0 
*          0    0000fff2    00000002     
                  0000fff2    00000002     rts430_eabi.lib : int09.obj (.int09)

WDT        0    0000fff4    00000002     
                  0000fff4    00000002     rts430_eabi.lib : int10.obj (.int10)

COMPARATORA 
*          0    0000fff6    00000002     
                  0000fff6    00000002     rts430_eabi.lib : int11.obj (.int11)

TIMER1_A1 
*          0    0000fff8    00000002     
                  0000fff8    00000002     rts430_eabi.lib : int12.obj (.int12)

TIMER1_A0 
*          0    0000fffa    00000002     
                  0000fffa    00000002     rts430_eabi.lib : int13.obj (.int13)

NMI        0    0000fffc    00000002     
                  0000fffc    00000002     rts430_eabi.lib : int14.obj (.int14)

.reset     0    0000fffe    00000002     
                  0000fffe    00000002     rts430_eabi.lib : boot.obj (.reset)


LINKER GENERATED COPY TABLES

__TI_cinit_table @ 0000c93c records: 1, size/record: 4, table size: 4
	.data: load addr=0000c92c, load size=0000000b bytes, run addr=00000200, run size=00000008 bytes, compression=rle


LINKER GENERATED HANDLER TABLE

__TI_handler_table @ 0000c938 records: 2, size/record: 2, table size: 4
	index: 0, handler: __TI_decompress_rle24
	index: 1, handler: __TI_decompress_none


GLOBAL SYMBOLS: SORTED ALPHABETICALLY BY Name 

address    name
--------   ----
0000004a   ADC10AE0
000001b0   ADC10CTL0
000001b2   ADC10CTL1
00000048   ADC10DTC0
00000049   ADC10DTC1
000001b4   ADC10MEM
000001bc   ADC10SA
00000057   BCSCTL1
00000058   BCSCTL2
00000053   BCSCTL3
0000c66c   Backward
0000c800   C$$EXIT
00000059   CACTL1
0000005a   CACTL2
000010fb   CALBC1_12MHZ
000010f9   CALBC1_16MHZ
000010ff   CALBC1_1MHZ
000010fd   CALBC1_8MHZ
000010fa   CALDCO_12MHZ
000010f8   CALDCO_16MHZ
000010fe   CALDCO_1MHZ
000010fc   CALDCO_8MHZ
0000005b   CAPD
00000056   DCOCTL
00000128   FCTL1
0000012a   FCTL2
0000012c   FCTL3
0000c684   Forward
00000000   IE1
00000001   IE2
00000002   IFG1
00000003   IFG2
0000c7c2   INCHAR_UART
0000c73a   Init_GPIO
0000c470   Init_UART
0000c69c   Left
0000c7ce   OUTCHAR_UART
00000022   P1DIR
00000025   P1IE
00000024   P1IES
00000023   P1IFG
00000020   P1IN
00000021   P1OUT
00000027   P1REN
00000026   P1SEL
00000041   P1SEL2
0000002a   P2DIR
0000002d   P2IE
0000002c   P2IES
0000002b   P2IFG
00000028   P2IN
00000029   P2OUT
0000002f   P2REN
0000002e   P2SEL
00000042   P2SEL2
0000001a   P3DIR
00000018   P3IN
00000019   P3OUT
00000010   P3REN
0000001b   P3SEL
00000043   P3SEL2
0000c6b4   Right
0000c7da   SendLastCommand
0000c6cc   Stop
00000172   TA0CCR0
00000174   TA0CCR1
00000176   TA0CCR2
00000162   TA0CCTL0
00000164   TA0CCTL1
00000166   TA0CCTL2
00000160   TA0CTL
0000012e   TA0IV
00000170   TA0R
00000192   TA1CCR0
00000194   TA1CCR1
00000196   TA1CCR2
00000182   TA1CCTL0
00000184   TA1CCTL1
00000186   TA1CCTL2
00000180   TA1CTL
0000011e   TA1IV
00000190   TA1R
000010db   TLV_ADC10_1_LEN
000010da   TLV_ADC10_1_TAG
000010c0   TLV_CHECKSUM
000010f7   TLV_DCO_30_LEN
000010f6   TLV_DCO_30_TAG
0000005d   UCA0ABCTL
00000062   UCA0BR0
00000063   UCA0BR1
00000060   UCA0CTL0
00000061   UCA0CTL1
0000005f   UCA0IRRCTL
0000005e   UCA0IRTCTL
00000064   UCA0MCTL
00000066   UCA0RXBUF
00000065   UCA0STAT
00000067   UCA0TXBUF
0000006a   UCB0BR0
0000006b   UCB0BR1
00000068   UCB0CTL0
00000069   UCB0CTL1
0000006c   UCB0I2CIE
00000118   UCB0I2COA
0000011a   UCB0I2CSA
0000006e   UCB0RXBUF
0000006d   UCB0STAT
0000006f   UCB0TXBUF
00000120   WDTCTL
00000400   __STACK_END
00000050   __STACK_SIZE
0000c93c   __TI_CINIT_Base
0000c940   __TI_CINIT_Limit
0000c938   __TI_Handler_Table_Base
0000c93c   __TI_Handler_Table_Limit
UNDEFED    __TI_INITARRAY_Base
UNDEFED    __TI_INITARRAY_Limit
0000c7f0   __TI_ISR_TRAP
00000001   __TI_args_main
0000c75e   __TI_decompress_none
0000c7f6   __TI_decompress_rle24
00000001   __TI_exit
0000ffe4   __TI_int02
0000ffe6   __TI_int03
0000ffea   __TI_int05
0000ffec   __TI_int06
0000ffee   __TI_int07
0000fff0   __TI_int08
0000fff2   __TI_int09
0000fff4   __TI_int10
0000fff6   __TI_int11
0000fff8   __TI_int12
0000fffa   __TI_int13
0000fffc   __TI_int14
0000c116   __TI_printfi_minimal
ffffffff   __binit__
ffffffff   __c_args__
0000c6fc   __mspabi_divu
0000c7a0   __mspabi_func_epilog_1
0000c79e   __mspabi_func_epilog_2
0000c79c   __mspabi_func_epilog_3
0000c79a   __mspabi_func_epilog_4
0000c798   __mspabi_func_epilog_5
0000c796   __mspabi_func_epilog_6
0000c794   __mspabi_func_epilog_7
0000c726   __mspabi_mpyi
0000c6fc   __mspabi_remu
0000c3dc   __mspabi_srli
0000c422   __mspabi_srli_1
0000c3fe   __mspabi_srli_10
0000c3fa   __mspabi_srli_11
0000c3f6   __mspabi_srli_12
0000c3f2   __mspabi_srli_13
0000c3ee   __mspabi_srli_14
0000c3ea   __mspabi_srli_15
0000c41e   __mspabi_srli_2
0000c41a   __mspabi_srli_3
0000c416   __mspabi_srli_4
0000c412   __mspabi_srli_5
0000c40e   __mspabi_srli_6
0000c40a   __mspabi_srli_7
0000c406   __mspabi_srli_8
0000c402   __mspabi_srli_9
0000c2da   _auto_init
0000c638   _c_int00
0000c638   _c_int00_noexit
0000fffe   _reset_vector
000003b0   _stack
0000c7fc   _system_pre_init
0000c800   abort
ffffffff   binit
0000c4b2   initCmdControl
00000206   initStatement
00000202   invalidCmdCount
0000c554   main
0000c92a   maxInvalidCmdCount
0000c61c   memccpy
0000c770   memcpy
0000c712   memset
00000200   pLastProcessedCmd
00000204   pcc_cntrl_initialized
0000c5d2   printInvalidCmdCount
0000c782   printNewLine
0000c582   printStr
0000c7e6   println
0000c1e0   processCommand
0000c5f8   sendGPIO
0000c5aa   sendServoCmd
0000c7a4   setLED
0000c4ee   sprintf
0000c7b4   strlen


GLOBAL SYMBOLS: SORTED BY Symbol Address 

address    name
--------   ----
00000000   IE1
00000001   IE2
00000001   __TI_args_main
00000001   __TI_exit
00000002   IFG1
00000003   IFG2
00000010   P3REN
00000018   P3IN
00000019   P3OUT
0000001a   P3DIR
0000001b   P3SEL
00000020   P1IN
00000021   P1OUT
00000022   P1DIR
00000023   P1IFG
00000024   P1IES
00000025   P1IE
00000026   P1SEL
00000027   P1REN
00000028   P2IN
00000029   P2OUT
0000002a   P2DIR
0000002b   P2IFG
0000002c   P2IES
0000002d   P2IE
0000002e   P2SEL
0000002f   P2REN
00000041   P1SEL2
00000042   P2SEL2
00000043   P3SEL2
00000048   ADC10DTC0
00000049   ADC10DTC1
0000004a   ADC10AE0
00000050   __STACK_SIZE
00000053   BCSCTL3
00000056   DCOCTL
00000057   BCSCTL1
00000058   BCSCTL2
00000059   CACTL1
0000005a   CACTL2
0000005b   CAPD
0000005d   UCA0ABCTL
0000005e   UCA0IRTCTL
0000005f   UCA0IRRCTL
00000060   UCA0CTL0
00000061   UCA0CTL1
00000062   UCA0BR0
00000063   UCA0BR1
00000064   UCA0MCTL
00000065   UCA0STAT
00000066   UCA0RXBUF
00000067   UCA0TXBUF
00000068   UCB0CTL0
00000069   UCB0CTL1
0000006a   UCB0BR0
0000006b   UCB0BR1
0000006c   UCB0I2CIE
0000006d   UCB0STAT
0000006e   UCB0RXBUF
0000006f   UCB0TXBUF
00000118   UCB0I2COA
0000011a   UCB0I2CSA
0000011e   TA1IV
00000120   WDTCTL
00000128   FCTL1
0000012a   FCTL2
0000012c   FCTL3
0000012e   TA0IV
00000160   TA0CTL
00000162   TA0CCTL0
00000164   TA0CCTL1
00000166   TA0CCTL2
00000170   TA0R
00000172   TA0CCR0
00000174   TA0CCR1
00000176   TA0CCR2
00000180   TA1CTL
00000182   TA1CCTL0
00000184   TA1CCTL1
00000186   TA1CCTL2
00000190   TA1R
00000192   TA1CCR0
00000194   TA1CCR1
00000196   TA1CCR2
000001b0   ADC10CTL0
000001b2   ADC10CTL1
000001b4   ADC10MEM
000001bc   ADC10SA
00000200   pLastProcessedCmd
00000202   invalidCmdCount
00000204   pcc_cntrl_initialized
00000206   initStatement
000003b0   _stack
00000400   __STACK_END
000010c0   TLV_CHECKSUM
000010da   TLV_ADC10_1_TAG
000010db   TLV_ADC10_1_LEN
000010f6   TLV_DCO_30_TAG
000010f7   TLV_DCO_30_LEN
000010f8   CALDCO_16MHZ
000010f9   CALBC1_16MHZ
000010fa   CALDCO_12MHZ
000010fb   CALBC1_12MHZ
000010fc   CALDCO_8MHZ
000010fd   CALBC1_8MHZ
000010fe   CALDCO_1MHZ
000010ff   CALBC1_1MHZ
0000c116   __TI_printfi_minimal
0000c1e0   processCommand
0000c2da   _auto_init
0000c3dc   __mspabi_srli
0000c3ea   __mspabi_srli_15
0000c3ee   __mspabi_srli_14
0000c3f2   __mspabi_srli_13
0000c3f6   __mspabi_srli_12
0000c3fa   __mspabi_srli_11
0000c3fe   __mspabi_srli_10
0000c402   __mspabi_srli_9
0000c406   __mspabi_srli_8
0000c40a   __mspabi_srli_7
0000c40e   __mspabi_srli_6
0000c412   __mspabi_srli_5
0000c416   __mspabi_srli_4
0000c41a   __mspabi_srli_3
0000c41e   __mspabi_srli_2
0000c422   __mspabi_srli_1
0000c470   Init_UART
0000c4b2   initCmdControl
0000c4ee   sprintf
0000c554   main
0000c582   printStr
0000c5aa   sendServoCmd
0000c5d2   printInvalidCmdCount
0000c5f8   sendGPIO
0000c61c   memccpy
0000c638   _c_int00
0000c638   _c_int00_noexit
0000c66c   Backward
0000c684   Forward
0000c69c   Left
0000c6b4   Right
0000c6cc   Stop
0000c6fc   __mspabi_divu
0000c6fc   __mspabi_remu
0000c712   memset
0000c726   __mspabi_mpyi
0000c73a   Init_GPIO
0000c75e   __TI_decompress_none
0000c770   memcpy
0000c782   printNewLine
0000c794   __mspabi_func_epilog_7
0000c796   __mspabi_func_epilog_6
0000c798   __mspabi_func_epilog_5
0000c79a   __mspabi_func_epilog_4
0000c79c   __mspabi_func_epilog_3
0000c79e   __mspabi_func_epilog_2
0000c7a0   __mspabi_func_epilog_1
0000c7a4   setLED
0000c7b4   strlen
0000c7c2   INCHAR_UART
0000c7ce   OUTCHAR_UART
0000c7da   SendLastCommand
0000c7e6   println
0000c7f0   __TI_ISR_TRAP
0000c7f6   __TI_decompress_rle24
0000c7fc   _system_pre_init
0000c800   C$$EXIT
0000c800   abort
0000c92a   maxInvalidCmdCount
0000c938   __TI_Handler_Table_Base
0000c93c   __TI_CINIT_Base
0000c93c   __TI_Handler_Table_Limit
0000c940   __TI_CINIT_Limit
0000ffe4   __TI_int02
0000ffe6   __TI_int03
0000ffea   __TI_int05
0000ffec   __TI_int06
0000ffee   __TI_int07
0000fff0   __TI_int08
0000fff2   __TI_int09
0000fff4   __TI_int10
0000fff6   __TI_int11
0000fff8   __TI_int12
0000fffa   __TI_int13
0000fffc   __TI_int14
0000fffe   _reset_vector
ffffffff   __binit__
ffffffff   __c_args__
ffffffff   binit
UNDEFED    __TI_INITARRAY_Base
UNDEFED    __TI_INITARRAY_Limit

[191 symbols]
