******************************************************************************
                  MSP430 Linker PC v4.3.3                      
******************************************************************************
>> Linked Fri Jul 10 21:49:28 2015

OUTPUT FILE NAME:   <SMART_PCC.out>
ENTRY POINT SYMBOL: "_c_int00"  address: 0000ce12


MEMORY CONFIGURATION

         name            origin    length      used     unused   attr    fill
----------------------  --------  ---------  --------  --------  ----  --------
  SFR                   00000000   00000010  00000000  00000010  RWIX
  PERIPHERALS_8BIT      00000010   000000f0  00000000  000000f0  RWIX
  PERIPHERALS_16BIT     00000100   00000100  00000000  00000100  RWIX
  RAM                   00000200   00000200  00000058  000001a8  RWIX
  INFOD                 00001000   00000040  00000000  00000040  RWIX
  INFOC                 00001040   00000040  00000000  00000040  RWIX
  INFOB                 00001080   00000040  00000000  00000040  RWIX
  INFOA                 000010c0   00000040  00000000  00000040  RWIX
  FLASH                 0000c000   00003fe0  0000112c  00002eb4  RWIX
  INT00                 0000ffe0   00000002  00000000  00000002  RWIX
  INT01                 0000ffe2   00000002  00000000  00000002  RWIX
  INT02                 0000ffe4   00000002  00000002  00000000  RWIX
  INT03                 0000ffe6   00000002  00000002  00000000  RWIX
  INT04                 0000ffe8   00000002  00000000  00000002  RWIX
  INT05                 0000ffea   00000002  00000002  00000000  RWIX
  INT06                 0000ffec   00000002  00000002  00000000  RWIX
  INT07                 0000ffee   00000002  00000002  00000000  RWIX
  INT08                 0000fff0   00000002  00000002  00000000  RWIX
  INT09                 0000fff2   00000002  00000002  00000000  RWIX
  INT10                 0000fff4   00000002  00000002  00000000  RWIX
  INT11                 0000fff6   00000002  00000002  00000000  RWIX
  INT12                 0000fff8   00000002  00000002  00000000  RWIX
  INT13                 0000fffa   00000002  00000002  00000000  RWIX
  INT14                 0000fffc   00000002  00000002  00000000  RWIX
  RESET                 0000fffe   00000002  00000002  00000000  RWIX


SECTION ALLOCATION MAP

 output                                  attributes/
section   page    origin      length       input sections
--------  ----  ----------  ----------   ----------------
.init_array 
*          0    0000c000    00000000     UNINITIALIZED

.data      0    00000200    00000008     UNINITIALIZED
                  00000200    00000006     pcc_cmd_control.obj (.data)
                  00000206    00000002     pcc_main.obj (.data)

.TI.persistent 
*          0    00000200    00000000     UNINITIALIZED

.stack     0    000003b0    00000050     UNINITIALIZED
                  000003b0    00000002     rts430_eabi.lib : boot.obj (.stack)
                  000003b2    0000004e     --HOLE--

.text      0    0000c000    00000ff0     
                  0000c000    000003a0     rts430_eabi.lib : llmath.obj (.text:__mspabi_divull)
                  0000c3a0    00000116                     : _printfi_min.obj (.text:_setfield)
                  0000c4b6    00000114                     : mult64.obj (.text:__mpyll)
                  0000c5ca    0000010c     pcc_uart_comm.obj (.text:printInteger)
                  0000c6d6    000000ca     rts430_eabi.lib : _printfi_min.obj (.text:__TI_printfi_minimal)
                  0000c7a0    000000c2     pcc_cmd_control.obj (.text:processCommand)
                  0000c862    0000005e     rts430_eabi.lib : copy_decompress_rle.obj (.text:__TI_decompress_rle_core)
                  0000c8c0    0000005e                     : autoinit.obj (.text:_auto_init)
                  0000c91e    0000005c                     : llmath.obj (.text:__mspabi_remull)
                  0000c97a    00000058                     : div32u.obj (.text)
                  0000c9d2    00000056                     : _printfi_min.obj (.text:_ltostr)
                  0000ca28    0000004e                     : _printfi_min.obj (.text:_pproc_diouxp)
                  0000ca76    0000004c                     : lsr16.obj (.text)
                  0000cac2    00000048                     : _printfi_min.obj (.text:_pproc_str)
                  0000cb0a    00000044                     : llmath.obj (.text:__mspabi_srlll)
                  0000cb4e    00000042     pcc_uart_comm.obj (.text:Init_UART)
                  0000cb90    00000042     rts430_eabi.lib : llmath.obj (.text:__mspabi_sllll)
                  0000cbd2    0000003a     pcc_cmd_control.obj (.text:sendServoCmd)
                  0000cc0c    00000038     rts430_eabi.lib : sprintf.obj (.text:sprintf)
                  0000cc44    0000002e                     : _printfi_min.obj (.text:_getarg_diouxp)
                  0000cc72    0000002e     pcc_main.obj (.text:main)
                  0000cca0    0000002c     rts430_eabi.lib : asr16.obj (.text)
                  0000cccc    0000002a     pcc_cmd_control.obj (.text:initCmdControl)
                  0000ccf6    00000028     pcc_uart_comm.obj (.text:printStr)
                  0000cd1e    00000028     pcc_cmd_control.obj (.text:sleep)
                  0000cd46    00000026     pcc_cmd_control.obj (.text:printInvalidCmdCount)
                  0000cd6c    00000026     rts430_eabi.lib : mult32.obj (.text)
                  0000cd92    00000024     pcc_gpio.obj (.text:sendGPIO)
                  0000cdb6    00000022     rts430_eabi.lib : mult1632.obj (.text:__mpyul)
                  0000cdd8    0000001e     pcc_uart_comm.obj (.text:hex2ASCII)
                  0000cdf6    0000001c     rts430_eabi.lib : memccpy.obj (.text:memccpy)
                  0000ce12    0000001a                     : boot.obj (.text:_c_int00_noexit)
                  0000ce2c    0000001a                     : sprintf.obj (.text:_outs)
                  0000ce46    00000018     pcc_cmd_control.obj (.text:Backward)
                  0000ce5e    00000018     pcc_cmd_control.obj (.text:Forward)
                  0000ce76    00000018     pcc_cmd_control.obj (.text:Left)
                  0000ce8e    00000018     pcc_cmd_control.obj (.text:Right)
                  0000cea6    00000018     pcc_cmd_control.obj (.text:Stop)
                  0000cebe    00000018     rts430_eabi.lib : _printfi_min.obj (.text:_div)
                  0000ced6    00000016                     : div16u.obj (.text)
                  0000ceec    00000014                     : memset.obj (.text:memset)
                  0000cf00    00000014                     : mult16.obj (.text)
                  0000cf14    00000012     pcc_gpio.obj (.text:Init_GPIO)
                  0000cf26    00000012     rts430_eabi.lib : sprintf.obj (.text:_outc)
                  0000cf38    00000012                     : copy_decompress_none.obj (.text:decompress:none:__TI_decompress_none)
                  0000cf4a    00000012                     : lsr32.obj (.text:l_lsr)
                  0000cf5c    00000012                     : memcpy.obj (.text:memcpy)
                  0000cf6e    00000012     pcc_uart_comm.obj (.text:printNewLine)
                  0000cf80    00000010     rts430_eabi.lib : epilog.obj (.text)
                  0000cf90    00000010     pcc_gpio.obj (.text:setLED)
                  0000cfa0    0000000e     rts430_eabi.lib : strlen.obj (.text:strlen)
                  0000cfae    0000000c     pcc_uart_comm.obj (.text:INCHAR_UART)
                  0000cfba    0000000c     pcc_uart_comm.obj (.text:OUTCHAR_UART)
                  0000cfc6    0000000c     pcc_cmd_control.obj (.text:SendLastCommand)
                  0000cfd2    0000000a     pcc_uart_comm.obj (.text:println)
                  0000cfdc    00000006     rts430_eabi.lib : isr_trap.obj (.text:__TI_ISR_TRAP)
                  0000cfe2    00000006                     : copy_decompress_rle.obj (.text:decompress:rle24:__TI_decompress_rle24)
                  0000cfe8    00000004                     : pre_init.obj (.text:_system_pre_init)
                  0000cfec    00000004                     : exit.obj (.text:abort)

.const     0    0000cff0    00000128     
                  0000cff0    000000e0     pcc_cmd_control.obj (.const:.string)
                  0000d0d0    00000032     pcc_main.obj (.const:.string)
                  0000d102    00000014     rts430_eabi.lib : _printfi_min.obj (.const:.string)
                  0000d116    00000002     pcc_cmd_control.obj (.const)

.cinit     0    0000d118    00000014     
                  0000d118    0000000b     (.cinit..data.load) [load image, compression = rle]
                  0000d123    00000001     --HOLE-- [fill = 0]
                  0000d124    00000004     (__TI_handler_table)
                  0000d128    00000004     (__TI_cinit_table)

PORT1      0    0000ffe4    00000002     
                  0000ffe4    00000002     rts430_eabi.lib : int02.obj (.int02)

PORT2      0    0000ffe6    00000002     
                  0000ffe6    00000002     rts430_eabi.lib : int03.obj (.int03)

ADC10      0    0000ffea    00000002     
                  0000ffea    00000002     rts430_eabi.lib : int05.obj (.int05)

USCIAB0TX 
*          0    0000ffec    00000002     
                  0000ffec    00000002     rts430_eabi.lib : int06.obj (.int06)

USCIAB0RX 
*          0    0000ffee    00000002     
                  0000ffee    00000002     rts430_eabi.lib : int07.obj (.int07)

TIMER0_A1 
*          0    0000fff0    00000002     
                  0000fff0    00000002     rts430_eabi.lib : int08.obj (.int08)

TIMER0_A0 
*          0    0000fff2    00000002     
                  0000fff2    00000002     rts430_eabi.lib : int09.obj (.int09)

WDT        0    0000fff4    00000002     
                  0000fff4    00000002     rts430_eabi.lib : int10.obj (.int10)

COMPARATORA 
*          0    0000fff6    00000002     
                  0000fff6    00000002     rts430_eabi.lib : int11.obj (.int11)

TIMER1_A1 
*          0    0000fff8    00000002     
                  0000fff8    00000002     rts430_eabi.lib : int12.obj (.int12)

TIMER1_A0 
*          0    0000fffa    00000002     
                  0000fffa    00000002     rts430_eabi.lib : int13.obj (.int13)

NMI        0    0000fffc    00000002     
                  0000fffc    00000002     rts430_eabi.lib : int14.obj (.int14)

.reset     0    0000fffe    00000002     
                  0000fffe    00000002     rts430_eabi.lib : boot.obj (.reset)


LINKER GENERATED COPY TABLES

__TI_cinit_table @ 0000d128 records: 1, size/record: 4, table size: 4
	.data: load addr=0000d118, load size=0000000b bytes, run addr=00000200, run size=00000008 bytes, compression=rle


LINKER GENERATED HANDLER TABLE

__TI_handler_table @ 0000d124 records: 2, size/record: 2, table size: 4
	index: 0, handler: __TI_decompress_rle24
	index: 1, handler: __TI_decompress_none


GLOBAL SYMBOLS: SORTED ALPHABETICALLY BY Name 

address    name
--------   ----
0000004a   ADC10AE0
000001b0   ADC10CTL0
000001b2   ADC10CTL1
00000048   ADC10DTC0
00000049   ADC10DTC1
000001b4   ADC10MEM
000001bc   ADC10SA
00000057   BCSCTL1
00000058   BCSCTL2
00000053   BCSCTL3
0000ce46   Backward
0000cfec   C$$EXIT
00000059   CACTL1
0000005a   CACTL2
000010fb   CALBC1_12MHZ
000010f9   CALBC1_16MHZ
000010ff   CALBC1_1MHZ
000010fd   CALBC1_8MHZ
000010fa   CALDCO_12MHZ
000010f8   CALDCO_16MHZ
000010fe   CALDCO_1MHZ
000010fc   CALDCO_8MHZ
0000005b   CAPD
00000056   DCOCTL
00000128   FCTL1
0000012a   FCTL2
0000012c   FCTL3
0000ce5e   Forward
00000000   IE1
00000001   IE2
00000002   IFG1
00000003   IFG2
0000cfae   INCHAR_UART
0000cf14   Init_GPIO
0000cb4e   Init_UART
0000ce76   Left
0000cfba   OUTCHAR_UART
00000022   P1DIR
00000025   P1IE
00000024   P1IES
00000023   P1IFG
00000020   P1IN
00000021   P1OUT
00000027   P1REN
00000026   P1SEL
00000041   P1SEL2
0000002a   P2DIR
0000002d   P2IE
0000002c   P2IES
0000002b   P2IFG
00000028   P2IN
00000029   P2OUT
0000002f   P2REN
0000002e   P2SEL
00000042   P2SEL2
0000001a   P3DIR
00000018   P3IN
00000019   P3OUT
00000010   P3REN
0000001b   P3SEL
00000043   P3SEL2
0000ce8e   Right
0000cfc6   SendLastCommand
0000cea6   Stop
00000172   TA0CCR0
00000174   TA0CCR1
00000176   TA0CCR2
00000162   TA0CCTL0
00000164   TA0CCTL1
00000166   TA0CCTL2
00000160   TA0CTL
0000012e   TA0IV
00000170   TA0R
00000192   TA1CCR0
00000194   TA1CCR1
00000196   TA1CCR2
00000182   TA1CCTL0
00000184   TA1CCTL1
00000186   TA1CCTL2
00000180   TA1CTL
0000011e   TA1IV
00000190   TA1R
000010db   TLV_ADC10_1_LEN
000010da   TLV_ADC10_1_TAG
000010c0   TLV_CHECKSUM
000010f7   TLV_DCO_30_LEN
000010f6   TLV_DCO_30_TAG
0000005d   UCA0ABCTL
00000062   UCA0BR0
00000063   UCA0BR1
00000060   UCA0CTL0
00000061   UCA0CTL1
0000005f   UCA0IRRCTL
0000005e   UCA0IRTCTL
00000064   UCA0MCTL
00000066   UCA0RXBUF
00000065   UCA0STAT
00000067   UCA0TXBUF
0000006a   UCB0BR0
0000006b   UCB0BR1
00000068   UCB0CTL0
00000069   UCB0CTL1
0000006c   UCB0I2CIE
00000118   UCB0I2COA
0000011a   UCB0I2CSA
0000006e   UCB0RXBUF
0000006d   UCB0STAT
0000006f   UCB0TXBUF
00000120   WDTCTL
00000400   __STACK_END
00000050   __STACK_SIZE
0000d128   __TI_CINIT_Base
0000d12c   __TI_CINIT_Limit
0000d124   __TI_Handler_Table_Base
0000d128   __TI_Handler_Table_Limit
UNDEFED    __TI_INITARRAY_Base
UNDEFED    __TI_INITARRAY_Limit
0000cfdc   __TI_ISR_TRAP
00000001   __TI_args_main
0000cf38   __TI_decompress_none
0000cfe2   __TI_decompress_rle24
00000001   __TI_exit
0000ffe4   __TI_int02
0000ffe6   __TI_int03
0000ffea   __TI_int05
0000ffec   __TI_int06
0000ffee   __TI_int07
0000fff0   __TI_int08
0000fff2   __TI_int09
0000fff4   __TI_int10
0000fff6   __TI_int11
0000fff8   __TI_int12
0000fffa   __TI_int13
0000fffc   __TI_int14
0000c6d6   __TI_printfi_minimal
ffffffff   __binit__
ffffffff   __c_args__
0000ced6   __mspabi_divu
0000c97a   __mspabi_divul
0000c000   __mspabi_divull
0000cf8c   __mspabi_func_epilog_1
0000cf8a   __mspabi_func_epilog_2
0000cf88   __mspabi_func_epilog_3
0000cf86   __mspabi_func_epilog_4
0000cf84   __mspabi_func_epilog_5
0000cf82   __mspabi_func_epilog_6
0000cf80   __mspabi_func_epilog_7
0000cf00   __mspabi_mpyi
0000cd6c   __mspabi_mpyl
0000c4b6   __mspabi_mpyll
0000cdb6   __mspabi_mpyul
0000ced6   __mspabi_remu
0000c97a   __mspabi_remul
0000c91e   __mspabi_remull
0000cb90   __mspabi_sllll
0000cca0   __mspabi_srai
0000ccc8   __mspabi_srai_1
0000ccb6   __mspabi_srai_10
0000ccb4   __mspabi_srai_11
0000ccb2   __mspabi_srai_12
0000ccb0   __mspabi_srai_13
0000ccae   __mspabi_srai_14
0000ccac   __mspabi_srai_15
0000ccc6   __mspabi_srai_2
0000ccc4   __mspabi_srai_3
0000ccc2   __mspabi_srai_4
0000ccc0   __mspabi_srai_5
0000ccbe   __mspabi_srai_6
0000ccbc   __mspabi_srai_7
0000ccba   __mspabi_srai_8
0000ccb8   __mspabi_srai_9
0000ca76   __mspabi_srli
0000cabc   __mspabi_srli_1
0000ca98   __mspabi_srli_10
0000ca94   __mspabi_srli_11
0000ca90   __mspabi_srli_12
0000ca8c   __mspabi_srli_13
0000ca88   __mspabi_srli_14
0000ca84   __mspabi_srli_15
0000cab8   __mspabi_srli_2
0000cab4   __mspabi_srli_3
0000cab0   __mspabi_srli_4
0000caac   __mspabi_srli_5
0000caa8   __mspabi_srli_6
0000caa4   __mspabi_srli_7
0000caa0   __mspabi_srli_8
0000ca9c   __mspabi_srli_9
0000cf4a   __mspabi_srll
0000cb0a   __mspabi_srlll
0000c8c0   _auto_init
0000ce12   _c_int00
0000ce12   _c_int00_noexit
0000fffe   _reset_vector
000003b0   _stack
0000cfe8   _system_pre_init
0000cfec   abort
ffffffff   binit
0000cdd8   hex2ASCII
0000cccc   initCmdControl
00000206   initStatement
00000202   invalidCmdCount
0000cc72   main
0000d116   maxInvalidCmdCount
0000cdf6   memccpy
0000cf5c   memcpy
0000ceec   memset
00000200   pLastProcessedCmd
00000204   pcc_cntrl_initialized
0000c5ca   printInteger
0000cd46   printInvalidCmdCount
0000cf6e   printNewLine
0000ccf6   printStr
0000cfd2   println
0000c7a0   processCommand
0000cd92   sendGPIO
0000cbd2   sendServoCmd
0000cf90   setLED
0000cd1e   sleep
0000cc0c   sprintf
0000cfa0   strlen


GLOBAL SYMBOLS: SORTED BY Symbol Address 

address    name
--------   ----
00000000   IE1
00000001   IE2
00000001   __TI_args_main
00000001   __TI_exit
00000002   IFG1
00000003   IFG2
00000010   P3REN
00000018   P3IN
00000019   P3OUT
0000001a   P3DIR
0000001b   P3SEL
00000020   P1IN
00000021   P1OUT
00000022   P1DIR
00000023   P1IFG
00000024   P1IES
00000025   P1IE
00000026   P1SEL
00000027   P1REN
00000028   P2IN
00000029   P2OUT
0000002a   P2DIR
0000002b   P2IFG
0000002c   P2IES
0000002d   P2IE
0000002e   P2SEL
0000002f   P2REN
00000041   P1SEL2
00000042   P2SEL2
00000043   P3SEL2
00000048   ADC10DTC0
00000049   ADC10DTC1
0000004a   ADC10AE0
00000050   __STACK_SIZE
00000053   BCSCTL3
00000056   DCOCTL
00000057   BCSCTL1
00000058   BCSCTL2
00000059   CACTL1
0000005a   CACTL2
0000005b   CAPD
0000005d   UCA0ABCTL
0000005e   UCA0IRTCTL
0000005f   UCA0IRRCTL
00000060   UCA0CTL0
00000061   UCA0CTL1
00000062   UCA0BR0
00000063   UCA0BR1
00000064   UCA0MCTL
00000065   UCA0STAT
00000066   UCA0RXBUF
00000067   UCA0TXBUF
00000068   UCB0CTL0
00000069   UCB0CTL1
0000006a   UCB0BR0
0000006b   UCB0BR1
0000006c   UCB0I2CIE
0000006d   UCB0STAT
0000006e   UCB0RXBUF
0000006f   UCB0TXBUF
00000118   UCB0I2COA
0000011a   UCB0I2CSA
0000011e   TA1IV
00000120   WDTCTL
00000128   FCTL1
0000012a   FCTL2
0000012c   FCTL3
0000012e   TA0IV
00000160   TA0CTL
00000162   TA0CCTL0
00000164   TA0CCTL1
00000166   TA0CCTL2
00000170   TA0R
00000172   TA0CCR0
00000174   TA0CCR1
00000176   TA0CCR2
00000180   TA1CTL
00000182   TA1CCTL0
00000184   TA1CCTL1
00000186   TA1CCTL2
00000190   TA1R
00000192   TA1CCR0
00000194   TA1CCR1
00000196   TA1CCR2
000001b0   ADC10CTL0
000001b2   ADC10CTL1
000001b4   ADC10MEM
000001bc   ADC10SA
00000200   pLastProcessedCmd
00000202   invalidCmdCount
00000204   pcc_cntrl_initialized
00000206   initStatement
000003b0   _stack
00000400   __STACK_END
000010c0   TLV_CHECKSUM
000010da   TLV_ADC10_1_TAG
000010db   TLV_ADC10_1_LEN
000010f6   TLV_DCO_30_TAG
000010f7   TLV_DCO_30_LEN
000010f8   CALDCO_16MHZ
000010f9   CALBC1_16MHZ
000010fa   CALDCO_12MHZ
000010fb   CALBC1_12MHZ
000010fc   CALDCO_8MHZ
000010fd   CALBC1_8MHZ
000010fe   CALDCO_1MHZ
000010ff   CALBC1_1MHZ
0000c000   __mspabi_divull
0000c4b6   __mspabi_mpyll
0000c5ca   printInteger
0000c6d6   __TI_printfi_minimal
0000c7a0   processCommand
0000c8c0   _auto_init
0000c91e   __mspabi_remull
0000c97a   __mspabi_divul
0000c97a   __mspabi_remul
0000ca76   __mspabi_srli
0000ca84   __mspabi_srli_15
0000ca88   __mspabi_srli_14
0000ca8c   __mspabi_srli_13
0000ca90   __mspabi_srli_12
0000ca94   __mspabi_srli_11
0000ca98   __mspabi_srli_10
0000ca9c   __mspabi_srli_9
0000caa0   __mspabi_srli_8
0000caa4   __mspabi_srli_7
0000caa8   __mspabi_srli_6
0000caac   __mspabi_srli_5
0000cab0   __mspabi_srli_4
0000cab4   __mspabi_srli_3
0000cab8   __mspabi_srli_2
0000cabc   __mspabi_srli_1
0000cb0a   __mspabi_srlll
0000cb4e   Init_UART
0000cb90   __mspabi_sllll
0000cbd2   sendServoCmd
0000cc0c   sprintf
0000cc72   main
0000cca0   __mspabi_srai
0000ccac   __mspabi_srai_15
0000ccae   __mspabi_srai_14
0000ccb0   __mspabi_srai_13
0000ccb2   __mspabi_srai_12
0000ccb4   __mspabi_srai_11
0000ccb6   __mspabi_srai_10
0000ccb8   __mspabi_srai_9
0000ccba   __mspabi_srai_8
0000ccbc   __mspabi_srai_7
0000ccbe   __mspabi_srai_6
0000ccc0   __mspabi_srai_5
0000ccc2   __mspabi_srai_4
0000ccc4   __mspabi_srai_3
0000ccc6   __mspabi_srai_2
0000ccc8   __mspabi_srai_1
0000cccc   initCmdControl
0000ccf6   printStr
0000cd1e   sleep
0000cd46   printInvalidCmdCount
0000cd6c   __mspabi_mpyl
0000cd92   sendGPIO
0000cdb6   __mspabi_mpyul
0000cdd8   hex2ASCII
0000cdf6   memccpy
0000ce12   _c_int00
0000ce12   _c_int00_noexit
0000ce46   Backward
0000ce5e   Forward
0000ce76   Left
0000ce8e   Right
0000cea6   Stop
0000ced6   __mspabi_divu
0000ced6   __mspabi_remu
0000ceec   memset
0000cf00   __mspabi_mpyi
0000cf14   Init_GPIO
0000cf38   __TI_decompress_none
0000cf4a   __mspabi_srll
0000cf5c   memcpy
0000cf6e   printNewLine
0000cf80   __mspabi_func_epilog_7
0000cf82   __mspabi_func_epilog_6
0000cf84   __mspabi_func_epilog_5
0000cf86   __mspabi_func_epilog_4
0000cf88   __mspabi_func_epilog_3
0000cf8a   __mspabi_func_epilog_2
0000cf8c   __mspabi_func_epilog_1
0000cf90   setLED
0000cfa0   strlen
0000cfae   INCHAR_UART
0000cfba   OUTCHAR_UART
0000cfc6   SendLastCommand
0000cfd2   println
0000cfdc   __TI_ISR_TRAP
0000cfe2   __TI_decompress_rle24
0000cfe8   _system_pre_init
0000cfec   C$$EXIT
0000cfec   abort
0000d116   maxInvalidCmdCount
0000d124   __TI_Handler_Table_Base
0000d128   __TI_CINIT_Base
0000d128   __TI_Handler_Table_Limit
0000d12c   __TI_CINIT_Limit
0000ffe4   __TI_int02
0000ffe6   __TI_int03
0000ffea   __TI_int05
0000ffec   __TI_int06
0000ffee   __TI_int07
0000fff0   __TI_int08
0000fff2   __TI_int09
0000fff4   __TI_int10
0000fff6   __TI_int11
0000fff8   __TI_int12
0000fffa   __TI_int13
0000fffc   __TI_int14
0000fffe   _reset_vector
ffffffff   __binit__
ffffffff   __c_args__
ffffffff   binit
UNDEFED    __TI_INITARRAY_Base
UNDEFED    __TI_INITARRAY_Limit

[220 symbols]
